
Running 3 tests using 1 worker

node.exe :   ΓÜá∩╕Å  Screenshot "navigate-to-salesforce-lightning-home" failed: page.screenshot: Target page, context or browser has been closed
At line:1 char:1
+ & "C:\Program Files\nodejs/node.exe" "C:\Users\Admin\AppData\Roaming\ ...
+ ~~~~~~~~~~~~~~~~~~~~~~~~~~~~~~~~~~~~~~~~~~~~~~~~~~~~~~~~~~~~~~~~~~~~~
    + CategoryInfo          : NotSpecified: (  ΓÜá∩╕Å  Scree...has been closed:String) [], RemoteException
    + FullyQualifiedErrorId : NativeCommandError
 
  Γ£ÿ  1 tests\lead-creation.spec.js:44:3 ΓÇ║ Lead Creation Flow ΓÇ║ should create a new lead and verify in list view (30.2s)
  Γ£ÿ  2 tests\lead-creation.spec.js:219:3 ΓÇ║ Lead Creation Flow ΓÇ║ should show validation error when company field is empty (30.2s)
  Γ£ÿ  3 tests\lead-creation.spec.js:257:3 ΓÇ║ Lead Creation Flow ΓÇ║ should close modal when Cancel button is clicked (30.2s)


  1) tests\lead-creation.spec.js:44:3 ΓÇ║ Lead Creation Flow ΓÇ║ should create a new lead and verify in list view 

    [31mTest timeout of 30000ms exceeded.[39m

    Error: frame._expect: Target page, context or browser has been closed

      59 |
      60 |     // Verify page is not login
    > 61 |     await expect(page).not.toHaveURL(/login/);
         |                            ^
      62 |
      63 |     // Verify Lightning navigation bar exists
      64 |     await sfStep('Verify Lightning navigation bar is visible', page, async () => {
        at C:\Users\Admin\Downloads\sf-agentic-framework-vscode_NewVS\sf-pw-agents\tests\lead-creation.spec.js:61:28

    Error Context: test-results\tests-lead-creation-Lead-C-50b27-ead-and-verify-in-list-view\error-context.md

  2) tests\lead-creation.spec.js:219:3 ΓÇ║ Lead Creation Flow ΓÇ║ should show validation error when company field is empty ΓÇ║ Navigate to Salesforce Leads 

    [31mTest timeout of 30000ms exceeded.[39m

    Error: locator.click: Target page, context or browser has been closed

      221 |       await page.goto(process.env.SF_URL);
      222 |       await waitForSFLoad(page);
    > 223 |       await page.getByRole('link', { name: 'Leads' }).click();
          |                                                       ^
      224 |       await waitForSFLoad(page);
      225 |     });
      226 |
        at C:\Users\Admin\Downloads\sf-agentic-framework-vscode_NewVS\sf-pw-agents\tests\lead-creation.spec.js:223:55
        at C:\Users\Admin\Downloads\sf-agentic-framework-vscode_NewVS\sf-pw-agents\utils\reporter-utils.js:46:5

    Error Context: test-results\tests-lead-creation-Lead-C-00be9-when-company-field-is-empty\error-context.md

  3) tests\lead-creation.spec.js:257:3 ΓÇ║ Lead Creation Flow ΓÇ║ should close modal when Cancel button is clicked ΓÇ║ Navigate to Salesforce Leads 

    [31mTest timeout of 30000ms exceeded.[39m

    Error: locator.click: Target page, context or browser has been closed

      259 |   // NEGATIVE TEST: Cancel Lead Creation
      260 |   // ΓöÇΓöÇΓöÇΓöÇΓöÇΓöÇΓöÇΓöÇΓöÇΓöÇΓöÇΓöÇΓöÇΓöÇΓöÇΓöÇΓöÇΓöÇΓöÇΓöÇΓöÇΓöÇΓöÇΓöÇΓöÇΓöÇΓöÇΓöÇΓöÇΓöÇΓöÇΓöÇΓöÇΓöÇΓöÇΓöÇΓöÇΓöÇΓöÇΓöÇΓöÇΓöÇΓöÇΓöÇΓöÇΓöÇΓöÇΓöÇΓöÇΓöÇΓöÇΓöÇΓöÇΓöÇΓöÇΓöÇΓöÇΓöÇΓöÇΓöÇΓöÇΓöÇΓöÇΓöÇΓöÇ
    > 261 |   test('should close modal when Cancel button is clicked', async ({ page }) => {
          |                                                       ^
      262 |     // HEALED: Extended timeout for negative test scenario
      263 |     test.setTimeout(90000);
      264 |     await sfStep('Navigate to Salesforce Leads', page, async () => {
        at C:\Users\Admin\Downloads\sf-agentic-framework-vscode_NewVS\sf-pw-agents\tests\lead-creation.spec.js:261:55
        at C:\Users\Admin\Downloads\sf-agentic-framework-vscode_NewVS\sf-pw-agents\utils\reporter-utils.js:46:5

    Error Context: test-results\tests-lead-creation-Lead-C-0bb69-en-Cancel-button-is-clicked\error-context.md

  3 failed
    tests\lead-creation.spec.js:44:3 ΓÇ║ Lead Creation Flow ΓÇ║ should create a new lead and verify in list view 
    tests\lead-creation.spec.js:219:3 ΓÇ║ Lead Creation Flow ΓÇ║ should show validation error when company field is empty 
    tests\lead-creation.spec.js:257:3 ΓÇ║ Lead Creation Flow ΓÇ║ should close modal when Cancel button is clicked 
